// Vitest Snapshot v1, https://vitest.dev/guide/snapshot.html

exports[`schema changes > mongodb storage > add to publication (not in sync rules) 1`] = `0`;

exports[`schema changes > postgres storage > add to publication (not in sync rules) 1`] = `16384`;
